2026-09-05T17:39:46.249Z LH:ChromeLauncher Waiting for browser.
2026-09-05T17:39:46.249Z LH:ChromeLauncher Waiting for browser...
2026-09-05T17:39:46.756Z LH:ChromeLauncher Waiting for browser.....
2026-09-05T17:39:46.758Z LH:ChromeLauncher Waiting for browser.....[32m✓[0m
2026-09-05T17:39:47.275Z LH:status Connecting to browser
2026-09-05T17:39:47.281Z LH:status Navigating to about:blank
2026-09-05T17:39:47.287Z LH:status Benchmarking machine
2026-09-05T17:39:48.294Z LH:status Host device pixel ratio
2026-09-05T17:39:48.295Z LH:status Preparing target for navigation mode
2026-09-05T17:39:48.313Z LH:status Cleaning origin data
2026-09-05T17:39:48.315Z LH:status Cleaning browser cache
2026-09-05T17:39:48.320Z LH:status Preparing network conditions
2026-09-05T17:39:48.370Z LH:status Navigating to http://127.0.0.1:3100/
2026-09-05T17:39:51.462Z LH:status Getting artifact: DevtoolsLog
2026-09-05T17:39:51.462Z LH:status Getting artifact: Trace
2026-09-05T17:39:51.462Z LH:status Getting artifact: ConsoleMessages
2026-09-05T17:39:51.462Z LH:status Getting artifact: CSSUsage
2026-09-05T17:39:51.618Z LH:status Getting artifact: DOMStats
2026-09-05T17:39:51.629Z LH:status Getting artifact: ImageElements
2026-09-05T17:39:53.266Z LH:status Getting artifact: JsUsage
2026-09-05T17:39:53.266Z LH:status Getting artifact: LinkElements
2026-09-05T17:39:53.271Z LH:status Getting artifact: MetaElements
2026-09-05T17:39:53.278Z LH:status Getting artifact: NetworkUserAgent
2026-09-05T17:39:53.278Z LH:status Getting artifact: OptimizedImages
2026-09-05T17:39:53.900Z LH:status Getting artifact: ResponseCompression
2026-09-05T17:39:53.904Z LH:status Getting artifact: Scripts
2026-09-05T17:39:53.904Z LH:status Getting artifact: SourceMaps
2026-09-05T17:39:53.904Z LH:status Getting artifact: Stacks
2026-09-05T17:39:53.904Z LH:status Collect stacks
2026-09-05T17:39:53.918Z LH:status Getting artifact: Stylesheets
2026-09-05T17:39:53.933Z LH:status Getting artifact: TraceElements
2026-09-05T17:39:53.975Z LH:status Trace Engine total
2026-09-05T17:39:53.975Z LH:status Trace Engine parse
2026-09-05T17:39:53.976Z LH:status Trace Engine parse:handleEvent
2026-09-05T17:39:54.077Z LH:status Trace Engine parse:Meta:finalize
2026-09-05T17:39:54.079Z LH:status Trace Engine parse:AnimationFrames:finalize
2026-09-05T17:39:54.079Z LH:status Trace Engine parse:Animations:finalize
2026-09-05T17:39:54.081Z LH:status Trace Engine parse:Samples:finalize
2026-09-05T17:39:54.081Z LH:status Trace Engine parse:AuctionWorklets:finalize
2026-09-05T17:39:54.082Z LH:status Trace Engine parse:NetworkRequests:finalize
2026-09-05T17:39:54.086Z LH:status Trace Engine parse:Renderer:finalize
2026-09-05T17:39:54.111Z LH:status Trace Engine parse:Flows:finalize
2026-09-05T17:39:54.125Z LH:status Trace Engine parse:AsyncJSCalls:finalize
2026-09-05T17:39:54.127Z LH:status Trace Engine parse:DOMStats:finalize
2026-09-05T17:39:54.128Z LH:status Trace Engine parse:UserTimings:finalize
2026-09-05T17:39:54.129Z LH:status Trace Engine parse:ExtensionTraceData:finalize
2026-09-05T17:39:54.131Z LH:status Trace Engine parse:LayerTree:finalize
2026-09-05T17:39:54.133Z LH:status Trace Engine parse:Frames:finalize
2026-09-05T17:39:54.140Z LH:status Trace Engine parse:GPU:finalize
2026-09-05T17:39:54.141Z LH:status Trace Engine parse:ImagePainting:finalize
2026-09-05T17:39:54.143Z LH:status Trace Engine parse:Initiators:finalize
2026-09-05T17:39:54.145Z LH:status Trace Engine parse:Invalidations:finalize
2026-09-05T17:39:54.146Z LH:status Trace Engine parse:PageLoadMetrics:finalize
2026-09-05T17:39:54.148Z LH:status Trace Engine parse:LargestImagePaint:finalize
2026-09-05T17:39:54.149Z LH:status Trace Engine parse:LargestTextPaint:finalize
2026-09-05T17:39:54.151Z LH:status Trace Engine parse:Screenshots:finalize
2026-09-05T17:39:54.153Z LH:status Trace Engine parse:LayoutShifts:finalize
2026-09-05T17:39:54.155Z LH:status Trace Engine parse:Memory:finalize
2026-09-05T17:39:54.156Z LH:status Trace Engine parse:PageFrames:finalize
2026-09-05T17:39:54.157Z LH:status Trace Engine parse:Scripts:finalize
2026-09-05T17:39:54.159Z LH:status Trace Engine parse:SelectorStats:finalize
2026-09-05T17:39:54.160Z LH:status Trace Engine parse:UserInteractions:finalize
2026-09-05T17:39:54.162Z LH:status Trace Engine parse:Workers:finalize
2026-09-05T17:39:54.163Z LH:status Trace Engine parse:Warnings:finalize
2026-09-05T17:39:54.164Z LH:status Trace Engine parse:clone
2026-09-05T17:39:54.167Z LH:status Trace Engine insights
2026-09-05T17:39:54.167Z LH:status Trace Engine insights:CLSCulprits
2026-09-05T17:39:54.168Z LH:status Trace Engine insights:Cache
2026-09-05T17:39:54.168Z LH:status Trace Engine insights:DOMSize
2026-09-05T17:39:54.168Z LH:status Trace Engine insights:DocumentLatency
2026-09-05T17:39:54.169Z LH:status Trace Engine insights:DuplicatedJavaScript
2026-09-05T17:39:54.169Z LH:status Trace Engine insights:FontDisplay
2026-09-05T17:39:54.169Z LH:status Trace Engine insights:ForcedReflow
2026-09-05T17:39:54.169Z LH:status Trace Engine insights:INPBreakdown
2026-09-05T17:39:54.170Z LH:status Trace Engine insights:ImageDelivery
2026-09-05T17:39:54.170Z LH:status Trace Engine insights:LCPBreakdown
2026-09-05T17:39:54.170Z LH:status Trace Engine insights:LCPDiscovery
2026-09-05T17:39:54.170Z LH:status Trace Engine insights:LegacyJavaScript
2026-09-05T17:39:54.170Z LH:status Trace Engine insights:ModernHTTP
2026-09-05T17:39:54.171Z LH:status Trace Engine insights:NetworkDependencyTree
2026-09-05T17:39:54.171Z LH:status Trace Engine insights:RenderBlocking
2026-09-05T17:39:54.171Z LH:status Trace Engine insights:SlowCSSSelector
2026-09-05T17:39:54.171Z LH:status Trace Engine insights:ThirdParties
2026-09-05T17:39:54.173Z LH:status Trace Engine insights:Viewport
2026-09-05T17:39:54.173Z LH:status Trace Engine insights:createLanternContext
2026-09-05T17:39:54.204Z LH:status Trace Engine insights:CLSCulprits
2026-09-05T17:39:54.205Z LH:status Trace Engine insights:Cache
2026-09-05T17:39:54.206Z LH:status Trace Engine insights:DOMSize
2026-09-05T17:39:54.206Z LH:status Trace Engine insights:DocumentLatency
2026-09-05T17:39:54.207Z LH:status Trace Engine insights:DuplicatedJavaScript
2026-09-05T17:39:54.207Z LH:status Trace Engine insights:FontDisplay
2026-09-05T17:39:54.207Z LH:status Trace Engine insights:ForcedReflow
2026-09-05T17:39:54.207Z LH:status Trace Engine insights:INPBreakdown
2026-09-05T17:39:54.207Z LH:status Trace Engine insights:ImageDelivery
2026-09-05T17:39:54.209Z LH:status Trace Engine insights:LCPBreakdown
2026-09-05T17:39:54.209Z LH:status Trace Engine insights:LCPDiscovery
2026-09-05T17:39:54.209Z LH:status Trace Engine insights:LegacyJavaScript
2026-09-05T17:39:54.311Z LH:status Trace Engine insights:ModernHTTP
2026-09-05T17:39:54.313Z LH:status Trace Engine insights:NetworkDependencyTree
2026-09-05T17:39:54.315Z LH:status Trace Engine insights:RenderBlocking
2026-09-05T17:39:54.315Z LH:status Trace Engine insights:SlowCSSSelector
2026-09-05T17:39:54.315Z LH:status Trace Engine insights:ThirdParties
2026-09-05T17:39:54.327Z LH:status Trace Engine insights:Viewport
2026-09-05T17:39:54.428Z LH:status Getting artifact: ViewportDimensions
2026-09-05T17:39:54.429Z LH:status Getting artifact: FullPageScreenshot
2026-09-05T17:39:55.603Z LH:status Getting artifact: BFCacheFailures
2026-09-05T17:39:55.897Z LH:status Analyzing and running audits...
2026-09-05T17:39:55.899Z LH:status Auditing: Has a `<meta name="viewport">` tag with `width` or `initial-scale`
2026-09-05T17:39:55.901Z LH:status Auditing: First Contentful Paint
2026-09-05T17:39:55.918Z LH:status Auditing: Largest Contentful Paint
2026-09-05T17:39:55.922Z LH:status Auditing: First Meaningful Paint
2026-09-05T17:39:55.923Z LH:status Auditing: Speed Index
2026-09-05T17:39:56.255Z LH:status Auditing: Screenshot Thumbnails
2026-09-05T17:39:56.255Z LH:status Auditing: Final Screenshot
2026-09-05T17:39:56.257Z LH:status Auditing: Total Blocking Time
2026-09-05T17:39:56.263Z LH:status Auditing: Max Potential First Input Delay
2026-09-05T17:39:56.268Z LH:status Auditing: Cumulative Layout Shift
2026-09-05T17:39:56.268Z LH:status Auditing: Initial server response time was short
2026-09-05T17:39:56.270Z LH:status Auditing: Time to Interactive
2026-09-05T17:39:56.271Z LH:status Auditing: User Timing marks and measures
2026-09-05T17:39:56.276Z LH:status Auditing: Avoid chaining critical requests
2026-09-05T17:39:56.277Z LH:status Auditing: Avoid multiple page redirects
2026-09-05T17:39:56.280Z LH:status Auditing: Minimizes main-thread work
2026-09-05T17:39:56.305Z LH:status Auditing: JavaScript execution time
2026-09-05T17:39:56.318Z LH:status Auditing: Preconnect to required origins
2026-09-05T17:39:56.321Z LH:status Auditing: All text remains visible during webfont loads
2026-09-05T17:39:56.323Z LH:status Auditing: Diagnostics
2026-09-05T17:39:56.324Z LH:status Auditing: Network Requests
2026-09-05T17:39:56.326Z LH:status Auditing: Network Round Trip Times
2026-09-05T17:39:56.328Z LH:status Auditing: Server Backend Latencies
2026-09-05T17:39:56.329Z LH:status Auditing: Tasks
2026-09-05T17:39:56.330Z LH:status Auditing: Metrics
2026-09-05T17:39:56.332Z LH:status Auditing: Resources Summary
2026-09-05T17:39:56.333Z LH:status Auditing: Minimize third-party usage
2026-09-05T17:39:56.338Z LH:status Auditing: Lazy load third-party resources with facades
2026-09-05T17:39:56.341Z LH:status Auditing: Largest Contentful Paint element
2026-09-05T17:39:56.343Z LH:status Auditing: Largest Contentful Paint image was not lazily loaded
2026-09-05T17:39:56.345Z LH:status Auditing: Avoid large layout shifts
2026-09-05T17:39:56.346Z LH:status Auditing: Avoid long main-thread tasks
2026-09-05T17:39:56.356Z LH:status Auditing: Avoid non-composited animations
2026-09-05T17:39:56.357Z LH:status Auditing: Image elements have explicit `width` and `height`
2026-09-05T17:39:56.359Z LH:status Auditing: Preload Largest Contentful Paint image
2026-09-05T17:39:56.360Z LH:status Auditing: Script Treemap Data
2026-09-05T17:39:56.373Z LH:status Auditing: Uses efficient cache policy on static assets
2026-09-05T17:39:56.376Z LH:status Auditing: Avoids enormous network payloads
2026-09-05T17:39:56.378Z LH:status Auditing: Defer offscreen images
2026-09-05T17:39:56.383Z LH:status Auditing: Eliminate render-blocking resources
2026-09-05T17:39:56.385Z LH:status Auditing: Minify CSS
2026-09-05T17:39:56.394Z LH:status Auditing: Minify JavaScript
2026-09-05T17:39:56.420Z LH:status Auditing: Reduce unused CSS
2026-09-05T17:39:56.422Z LH:status Auditing: Reduce unused JavaScript
2026-09-05T17:39:56.425Z LH:status Auditing: Serve images in next-gen formats
2026-09-05T17:39:56.427Z LH:status Auditing: Efficiently encode images
2026-09-05T17:39:56.429Z LH:status Auditing: Enable text compression
2026-09-05T17:39:56.430Z LH:status Auditing: Properly size images
2026-09-05T17:39:56.433Z LH:status Auditing: Use video formats for animated content
2026-09-05T17:39:56.435Z LH:status Auditing: Remove duplicate modules in JavaScript bundles
2026-09-05T17:39:56.436Z LH:status Auditing: Avoid serving legacy JavaScript to modern browsers
2026-09-05T17:39:56.485Z LH:status Auditing: Avoids an excessive DOM size
2026-09-05T17:39:56.487Z LH:status Auditing: Avoids `document.write()`
2026-09-05T17:39:56.488Z LH:status Auditing: Use HTTP/2
2026-09-05T17:39:56.491Z LH:status Auditing: Uses passive listeners to improve scrolling performance
2026-09-05T17:39:56.492Z LH:status Auditing: Page didn't prevent back/forward cache restoration
2026-09-05T17:39:56.493Z LH:status Auditing: Use efficient cache lifetimes
2026-09-05T17:39:56.496Z LH:status Auditing: Layout shift culprits
2026-09-05T17:39:56.497Z LH:status Auditing: Document request latency
2026-09-05T17:39:56.498Z LH:status Auditing: Optimize DOM size
2026-09-05T17:39:56.499Z LH:status Auditing: Duplicated JavaScript
2026-09-05T17:39:56.500Z LH:status Auditing: Font display
2026-09-05T17:39:56.501Z LH:status Auditing: Forced reflow
2026-09-05T17:39:56.502Z LH:status Auditing: Improve image delivery
2026-09-05T17:39:56.503Z LH:status Auditing: INP breakdown
2026-09-05T17:39:56.504Z LH:status Auditing: LCP breakdown
2026-09-05T17:39:56.505Z LH:status Auditing: LCP request discovery
2026-09-05T17:39:56.506Z LH:status Auditing: Legacy JavaScript
2026-09-05T17:39:56.507Z LH:status Auditing: Modern HTTP
2026-09-05T17:39:56.508Z LH:status Auditing: Network dependency tree
2026-09-05T17:39:56.509Z LH:status Auditing: Render blocking requests
2026-09-05T17:39:56.510Z LH:status Auditing: 3rd parties
2026-09-05T17:39:56.525Z LH:status Auditing: Optimize viewport for mobile
2026-09-05T17:39:56.526Z LH:status Generating results...
2026-09-05T17:39:56.542Z LH:pwmetrics-events:error Interactive timestamp not found
2026-09-05T17:39:56.546Z LH:saveAssets devtools log saved to disk: /home/yahiro/Pictures/portfolio/scratch/qa/baseline-mobile-3-0.devtoolslog.json
2026-09-05T17:39:56.577Z LH:saveAssets trace file streamed to disk: /home/yahiro/Pictures/portfolio/scratch/qa/baseline-mobile-3-0.trace.json
2026-09-05T17:39:56.578Z LH:Printer json output written to scratch/qa/baseline-mobile-3.json
2026-09-05T17:39:56.578Z LH:ChromeLauncher Killing Chrome instance 433924
