2026-09-05T17:38:10.537Z LH:ChromeLauncher Waiting for browser.
2026-09-05T17:38:10.537Z LH:ChromeLauncher Waiting for browser...
2026-09-05T17:38:11.208Z LH:ChromeLauncher Waiting for browser.....
2026-09-05T17:38:11.421Z LH:ChromeLauncher Waiting for browser.....[32m✓[0m
2026-09-05T17:38:12.887Z LH:status Connecting to browser
2026-09-05T17:38:12.899Z LH:status Navigating to about:blank
2026-09-05T17:38:12.913Z LH:status Benchmarking machine
2026-09-05T17:38:13.921Z LH:status Host device pixel ratio
2026-09-05T17:38:13.924Z LH:status Preparing target for navigation mode
2026-09-05T17:38:13.953Z LH:status Cleaning origin data
2026-09-05T17:38:13.967Z LH:status Cleaning browser cache
2026-09-05T17:38:13.975Z LH:status Preparing network conditions
2026-09-05T17:38:14.036Z LH:status Navigating to http://127.0.0.1:3100/
2026-09-05T17:38:17.878Z LH:status Getting artifact: DevtoolsLog
2026-09-05T17:38:17.878Z LH:status Getting artifact: Trace
2026-09-05T17:38:17.878Z LH:status Getting artifact: ConsoleMessages
2026-09-05T17:38:17.878Z LH:status Getting artifact: CSSUsage
2026-09-05T17:38:18.031Z LH:status Getting artifact: DOMStats
2026-09-05T17:38:18.044Z LH:status Getting artifact: ImageElements
2026-09-05T17:38:19.664Z LH:status Getting artifact: JsUsage
2026-09-05T17:38:19.664Z LH:status Getting artifact: LinkElements
2026-09-05T17:38:19.670Z LH:status Getting artifact: MetaElements
2026-09-05T17:38:19.682Z LH:status Getting artifact: NetworkUserAgent
2026-09-05T17:38:19.683Z LH:status Getting artifact: OptimizedImages
2026-09-05T17:38:20.352Z LH:status Getting artifact: ResponseCompression
2026-09-05T17:38:20.358Z LH:status Getting artifact: Scripts
2026-09-05T17:38:20.359Z LH:status Getting artifact: SourceMaps
2026-09-05T17:38:20.359Z LH:status Getting artifact: Stacks
2026-09-05T17:38:20.362Z LH:status Collect stacks
2026-09-05T17:38:20.381Z LH:status Getting artifact: Stylesheets
2026-09-05T17:38:20.395Z LH:status Getting artifact: TraceElements
2026-09-05T17:38:20.418Z LH:status Trace Engine total
2026-09-05T17:38:20.418Z LH:status Trace Engine parse
2026-09-05T17:38:20.419Z LH:status Trace Engine parse:handleEvent
2026-09-05T17:38:20.549Z LH:status Trace Engine parse:Meta:finalize
2026-09-05T17:38:20.550Z LH:status Trace Engine parse:AnimationFrames:finalize
2026-09-05T17:38:20.552Z LH:status Trace Engine parse:Animations:finalize
2026-09-05T17:38:20.553Z LH:status Trace Engine parse:Samples:finalize
2026-09-05T17:38:20.554Z LH:status Trace Engine parse:AuctionWorklets:finalize
2026-09-05T17:38:20.556Z LH:status Trace Engine parse:NetworkRequests:finalize
2026-09-05T17:38:20.566Z LH:status Trace Engine parse:Renderer:finalize
2026-09-05T17:38:20.602Z LH:status Trace Engine parse:Flows:finalize
2026-09-05T17:38:20.607Z LH:status Trace Engine parse:AsyncJSCalls:finalize
2026-09-05T17:38:20.609Z LH:status Trace Engine parse:DOMStats:finalize
2026-09-05T17:38:20.610Z LH:status Trace Engine parse:UserTimings:finalize
2026-09-05T17:38:20.612Z LH:status Trace Engine parse:ExtensionTraceData:finalize
2026-09-05T17:38:20.614Z LH:status Trace Engine parse:LayerTree:finalize
2026-09-05T17:38:20.616Z LH:status Trace Engine parse:Frames:finalize
2026-09-05T17:38:20.623Z LH:status Trace Engine parse:GPU:finalize
2026-09-05T17:38:20.625Z LH:status Trace Engine parse:ImagePainting:finalize
2026-09-05T17:38:20.627Z LH:status Trace Engine parse:Initiators:finalize
2026-09-05T17:38:20.629Z LH:status Trace Engine parse:Invalidations:finalize
2026-09-05T17:38:20.630Z LH:status Trace Engine parse:PageLoadMetrics:finalize
2026-09-05T17:38:20.633Z LH:status Trace Engine parse:LargestImagePaint:finalize
2026-09-05T17:38:20.634Z LH:status Trace Engine parse:LargestTextPaint:finalize
2026-09-05T17:38:20.635Z LH:status Trace Engine parse:Screenshots:finalize
2026-09-05T17:38:20.637Z LH:status Trace Engine parse:LayoutShifts:finalize
2026-09-05T17:38:20.639Z LH:status Trace Engine parse:Memory:finalize
2026-09-05T17:38:20.641Z LH:status Trace Engine parse:PageFrames:finalize
2026-09-05T17:38:20.642Z LH:status Trace Engine parse:Scripts:finalize
2026-09-05T17:38:20.644Z LH:status Trace Engine parse:SelectorStats:finalize
2026-09-05T17:38:20.645Z LH:status Trace Engine parse:UserInteractions:finalize
2026-09-05T17:38:20.646Z LH:status Trace Engine parse:Workers:finalize
2026-09-05T17:38:20.648Z LH:status Trace Engine parse:Warnings:finalize
2026-09-05T17:38:20.649Z LH:status Trace Engine parse:clone
2026-09-05T17:38:20.651Z LH:status Trace Engine insights
2026-09-05T17:38:20.652Z LH:status Trace Engine insights:CLSCulprits
2026-09-05T17:38:20.652Z LH:status Trace Engine insights:Cache
2026-09-05T17:38:20.653Z LH:status Trace Engine insights:DOMSize
2026-09-05T17:38:20.655Z LH:status Trace Engine insights:DocumentLatency
2026-09-05T17:38:20.656Z LH:status Trace Engine insights:DuplicatedJavaScript
2026-09-05T17:38:20.657Z LH:status Trace Engine insights:FontDisplay
2026-09-05T17:38:20.658Z LH:status Trace Engine insights:ForcedReflow
2026-09-05T17:38:20.659Z LH:status Trace Engine insights:INPBreakdown
2026-09-05T17:38:20.659Z LH:status Trace Engine insights:ImageDelivery
2026-09-05T17:38:20.659Z LH:status Trace Engine insights:LCPBreakdown
2026-09-05T17:38:20.659Z LH:status Trace Engine insights:LCPDiscovery
2026-09-05T17:38:20.660Z LH:status Trace Engine insights:LegacyJavaScript
2026-09-05T17:38:20.660Z LH:status Trace Engine insights:ModernHTTP
2026-09-05T17:38:20.660Z LH:status Trace Engine insights:NetworkDependencyTree
2026-09-05T17:38:20.660Z LH:status Trace Engine insights:RenderBlocking
2026-09-05T17:38:20.661Z LH:status Trace Engine insights:SlowCSSSelector
2026-09-05T17:38:20.661Z LH:status Trace Engine insights:ThirdParties
2026-09-05T17:38:20.663Z LH:status Trace Engine insights:Viewport
2026-09-05T17:38:20.663Z LH:status Trace Engine insights:createLanternContext
2026-09-05T17:38:20.705Z LH:status Trace Engine insights:CLSCulprits
2026-09-05T17:38:20.706Z LH:status Trace Engine insights:Cache
2026-09-05T17:38:20.708Z LH:status Trace Engine insights:DOMSize
2026-09-05T17:38:20.708Z LH:status Trace Engine insights:DocumentLatency
2026-09-05T17:38:20.708Z LH:status Trace Engine insights:DuplicatedJavaScript
2026-09-05T17:38:20.709Z LH:status Trace Engine insights:FontDisplay
2026-09-05T17:38:20.709Z LH:status Trace Engine insights:ForcedReflow
2026-09-05T17:38:20.711Z LH:status Trace Engine insights:INPBreakdown
2026-09-05T17:38:20.711Z LH:status Trace Engine insights:ImageDelivery
2026-09-05T17:38:20.713Z LH:status Trace Engine insights:LCPBreakdown
2026-09-05T17:38:20.713Z LH:status Trace Engine insights:LCPDiscovery
2026-09-05T17:38:20.713Z LH:status Trace Engine insights:LegacyJavaScript
2026-09-05T17:38:20.868Z LH:status Trace Engine insights:ModernHTTP
2026-09-05T17:38:20.877Z LH:status Trace Engine insights:NetworkDependencyTree
2026-09-05T17:38:20.885Z LH:status Trace Engine insights:RenderBlocking
2026-09-05T17:38:20.886Z LH:status Trace Engine insights:SlowCSSSelector
2026-09-05T17:38:20.886Z LH:status Trace Engine insights:ThirdParties
2026-09-05T17:38:20.963Z LH:status Trace Engine insights:Viewport
2026-09-05T17:38:21.275Z LH:status Getting artifact: ViewportDimensions
2026-09-05T17:38:21.292Z LH:status Getting artifact: FullPageScreenshot
2026-09-05T17:38:22.486Z LH:status Getting artifact: BFCacheFailures
2026-09-05T17:38:22.831Z LH:status Analyzing and running audits...
2026-09-05T17:38:22.834Z LH:status Auditing: Has a `<meta name="viewport">` tag with `width` or `initial-scale`
2026-09-05T17:38:22.839Z LH:status Auditing: First Contentful Paint
2026-09-05T17:38:22.868Z LH:status Auditing: Largest Contentful Paint
2026-09-05T17:38:22.872Z LH:status Auditing: First Meaningful Paint
2026-09-05T17:38:22.873Z LH:status Auditing: Speed Index
2026-09-05T17:38:23.093Z LH:status Auditing: Screenshot Thumbnails
2026-09-05T17:38:23.093Z LH:status Auditing: Final Screenshot
2026-09-05T17:38:23.094Z LH:status Auditing: Total Blocking Time
2026-09-05T17:38:23.099Z LH:status Auditing: Max Potential First Input Delay
2026-09-05T17:38:23.102Z LH:status Auditing: Cumulative Layout Shift
2026-09-05T17:38:23.105Z LH:status Auditing: Initial server response time was short
2026-09-05T17:38:23.108Z LH:status Auditing: Time to Interactive
2026-09-05T17:38:23.111Z LH:status Auditing: User Timing marks and measures
2026-09-05T17:38:23.119Z LH:status Auditing: Avoid chaining critical requests
2026-09-05T17:38:23.121Z LH:status Auditing: Avoid multiple page redirects
2026-09-05T17:38:23.126Z LH:status Auditing: Minimizes main-thread work
2026-09-05T17:38:23.144Z LH:status Auditing: JavaScript execution time
2026-09-05T17:38:23.154Z LH:status Auditing: Preconnect to required origins
2026-09-05T17:38:23.157Z LH:status Auditing: All text remains visible during webfont loads
2026-09-05T17:38:23.159Z LH:status Auditing: Diagnostics
2026-09-05T17:38:23.160Z LH:status Auditing: Network Requests
2026-09-05T17:38:23.162Z LH:status Auditing: Network Round Trip Times
2026-09-05T17:38:23.163Z LH:status Auditing: Server Backend Latencies
2026-09-05T17:38:23.164Z LH:status Auditing: Tasks
2026-09-05T17:38:23.165Z LH:status Auditing: Metrics
2026-09-05T17:38:23.167Z LH:status Auditing: Resources Summary
2026-09-05T17:38:23.169Z LH:status Auditing: Minimize third-party usage
2026-09-05T17:38:23.172Z LH:status Auditing: Lazy load third-party resources with facades
2026-09-05T17:38:23.175Z LH:status Auditing: Largest Contentful Paint element
2026-09-05T17:38:23.177Z LH:status Auditing: Largest Contentful Paint image was not lazily loaded
2026-09-05T17:38:23.178Z LH:status Auditing: Avoid large layout shifts
2026-09-05T17:38:23.179Z LH:status Auditing: Avoid long main-thread tasks
2026-09-05T17:38:23.184Z LH:status Auditing: Avoid non-composited animations
2026-09-05T17:38:23.185Z LH:status Auditing: Image elements have explicit `width` and `height`
2026-09-05T17:38:23.189Z LH:status Auditing: Preload Largest Contentful Paint image
2026-09-05T17:38:23.192Z LH:status Auditing: Script Treemap Data
2026-09-05T17:38:23.206Z LH:status Auditing: Uses efficient cache policy on static assets
2026-09-05T17:38:23.208Z LH:status Auditing: Avoids enormous network payloads
2026-09-05T17:38:23.210Z LH:status Auditing: Defer offscreen images
2026-09-05T17:38:23.216Z LH:status Auditing: Eliminate render-blocking resources
2026-09-05T17:38:23.217Z LH:status Auditing: Minify CSS
2026-09-05T17:38:23.225Z LH:status Auditing: Minify JavaScript
2026-09-05T17:38:23.251Z LH:status Auditing: Reduce unused CSS
2026-09-05T17:38:23.253Z LH:status Auditing: Reduce unused JavaScript
2026-09-05T17:38:23.256Z LH:status Auditing: Serve images in next-gen formats
2026-09-05T17:38:23.258Z LH:status Auditing: Efficiently encode images
2026-09-05T17:38:23.260Z LH:status Auditing: Enable text compression
2026-09-05T17:38:23.261Z LH:status Auditing: Properly size images
2026-09-05T17:38:23.264Z LH:status Auditing: Use video formats for animated content
2026-09-05T17:38:23.266Z LH:status Auditing: Remove duplicate modules in JavaScript bundles
2026-09-05T17:38:23.267Z LH:status Auditing: Avoid serving legacy JavaScript to modern browsers
2026-09-05T17:38:23.308Z LH:status Auditing: Avoids an excessive DOM size
2026-09-05T17:38:23.310Z LH:status Auditing: Avoids `document.write()`
2026-09-05T17:38:23.310Z LH:status Auditing: Use HTTP/2
2026-09-05T17:38:23.313Z LH:status Auditing: Uses passive listeners to improve scrolling performance
2026-09-05T17:38:23.314Z LH:status Auditing: Page didn't prevent back/forward cache restoration
2026-09-05T17:38:23.316Z LH:status Auditing: Use efficient cache lifetimes
2026-09-05T17:38:23.318Z LH:status Auditing: Layout shift culprits
2026-09-05T17:38:23.319Z LH:status Auditing: Document request latency
2026-09-05T17:38:23.320Z LH:status Auditing: Optimize DOM size
2026-09-05T17:38:23.321Z LH:status Auditing: Duplicated JavaScript
2026-09-05T17:38:23.322Z LH:status Auditing: Font display
2026-09-05T17:38:23.322Z LH:status Auditing: Forced reflow
2026-09-05T17:38:23.323Z LH:status Auditing: Improve image delivery
2026-09-05T17:38:23.325Z LH:status Auditing: INP breakdown
2026-09-05T17:38:23.326Z LH:status Auditing: LCP breakdown
2026-09-05T17:38:23.327Z LH:status Auditing: LCP request discovery
2026-09-05T17:38:23.328Z LH:status Auditing: Legacy JavaScript
2026-09-05T17:38:23.329Z LH:status Auditing: Modern HTTP
2026-09-05T17:38:23.330Z LH:status Auditing: Network dependency tree
2026-09-05T17:38:23.331Z LH:status Auditing: Render blocking requests
2026-09-05T17:38:23.332Z LH:status Auditing: 3rd parties
2026-09-05T17:38:23.341Z LH:status Auditing: Optimize viewport for mobile
2026-09-05T17:38:23.342Z LH:status Generating results...
2026-09-05T17:38:23.358Z LH:pwmetrics-events:error Interactive timestamp not found
2026-09-05T17:38:23.362Z LH:saveAssets devtools log saved to disk: /home/yahiro/Pictures/portfolio/scratch/qa/baseline-mobile-1-0.devtoolslog.json
2026-09-05T17:38:23.389Z LH:saveAssets trace file streamed to disk: /home/yahiro/Pictures/portfolio/scratch/qa/baseline-mobile-1-0.trace.json
2026-09-05T17:38:23.390Z LH:Printer json output written to scratch/qa/baseline-mobile-1.json
2026-09-05T17:38:23.390Z LH:ChromeLauncher Killing Chrome instance 430561
