2026-09-05T17:39:32.069Z LH:ChromeLauncher Waiting for browser.
2026-09-05T17:39:32.070Z LH:ChromeLauncher Waiting for browser...
2026-09-05T17:39:32.578Z LH:ChromeLauncher Waiting for browser.....
2026-09-05T17:39:32.580Z LH:ChromeLauncher Waiting for browser.....[32m✓[0m
2026-09-05T17:39:33.214Z LH:status Connecting to browser
2026-09-05T17:39:33.225Z LH:status Navigating to about:blank
2026-09-05T17:39:33.231Z LH:status Benchmarking machine
2026-09-05T17:39:34.237Z LH:status Host device pixel ratio
2026-09-05T17:39:34.239Z LH:status Preparing target for navigation mode
2026-09-05T17:39:34.258Z LH:status Cleaning origin data
2026-09-05T17:39:34.261Z LH:status Cleaning browser cache
2026-09-05T17:39:34.267Z LH:status Preparing network conditions
2026-09-05T17:39:34.312Z LH:status Navigating to http://127.0.0.1:3100/
2026-09-05T17:39:37.462Z LH:status Getting artifact: DevtoolsLog
2026-09-05T17:39:37.462Z LH:status Getting artifact: Trace
2026-09-05T17:39:37.462Z LH:status Getting artifact: ConsoleMessages
2026-09-05T17:39:37.462Z LH:status Getting artifact: CSSUsage
2026-09-05T17:39:37.615Z LH:status Getting artifact: DOMStats
2026-09-05T17:39:37.624Z LH:status Getting artifact: ImageElements
2026-09-05T17:39:39.389Z LH:status Getting artifact: JsUsage
2026-09-05T17:39:39.390Z LH:status Getting artifact: LinkElements
2026-09-05T17:39:39.396Z LH:status Getting artifact: MetaElements
2026-09-05T17:39:39.402Z LH:status Getting artifact: NetworkUserAgent
2026-09-05T17:39:39.402Z LH:status Getting artifact: OptimizedImages
2026-09-05T17:39:40.026Z LH:status Getting artifact: ResponseCompression
2026-09-05T17:39:40.030Z LH:status Getting artifact: Scripts
2026-09-05T17:39:40.030Z LH:status Getting artifact: SourceMaps
2026-09-05T17:39:40.030Z LH:status Getting artifact: Stacks
2026-09-05T17:39:40.030Z LH:status Collect stacks
2026-09-05T17:39:40.044Z LH:status Getting artifact: Stylesheets
2026-09-05T17:39:40.054Z LH:status Getting artifact: TraceElements
2026-09-05T17:39:40.086Z LH:status Trace Engine total
2026-09-05T17:39:40.087Z LH:status Trace Engine parse
2026-09-05T17:39:40.088Z LH:status Trace Engine parse:handleEvent
2026-09-05T17:39:40.188Z LH:status Trace Engine parse:Meta:finalize
2026-09-05T17:39:40.190Z LH:status Trace Engine parse:AnimationFrames:finalize
2026-09-05T17:39:40.190Z LH:status Trace Engine parse:Animations:finalize
2026-09-05T17:39:40.192Z LH:status Trace Engine parse:Samples:finalize
2026-09-05T17:39:40.192Z LH:status Trace Engine parse:AuctionWorklets:finalize
2026-09-05T17:39:40.193Z LH:status Trace Engine parse:NetworkRequests:finalize
2026-09-05T17:39:40.197Z LH:status Trace Engine parse:Renderer:finalize
2026-09-05T17:39:40.224Z LH:status Trace Engine parse:Flows:finalize
2026-09-05T17:39:40.238Z LH:status Trace Engine parse:AsyncJSCalls:finalize
2026-09-05T17:39:40.240Z LH:status Trace Engine parse:DOMStats:finalize
2026-09-05T17:39:40.241Z LH:status Trace Engine parse:UserTimings:finalize
2026-09-05T17:39:40.243Z LH:status Trace Engine parse:ExtensionTraceData:finalize
2026-09-05T17:39:40.244Z LH:status Trace Engine parse:LayerTree:finalize
2026-09-05T17:39:40.247Z LH:status Trace Engine parse:Frames:finalize
2026-09-05T17:39:40.254Z LH:status Trace Engine parse:GPU:finalize
2026-09-05T17:39:40.255Z LH:status Trace Engine parse:ImagePainting:finalize
2026-09-05T17:39:40.257Z LH:status Trace Engine parse:Initiators:finalize
2026-09-05T17:39:40.258Z LH:status Trace Engine parse:Invalidations:finalize
2026-09-05T17:39:40.260Z LH:status Trace Engine parse:PageLoadMetrics:finalize
2026-09-05T17:39:40.262Z LH:status Trace Engine parse:LargestImagePaint:finalize
2026-09-05T17:39:40.263Z LH:status Trace Engine parse:LargestTextPaint:finalize
2026-09-05T17:39:40.264Z LH:status Trace Engine parse:Screenshots:finalize
2026-09-05T17:39:40.266Z LH:status Trace Engine parse:LayoutShifts:finalize
2026-09-05T17:39:40.268Z LH:status Trace Engine parse:Memory:finalize
2026-09-05T17:39:40.269Z LH:status Trace Engine parse:PageFrames:finalize
2026-09-05T17:39:40.271Z LH:status Trace Engine parse:Scripts:finalize
2026-09-05T17:39:40.272Z LH:status Trace Engine parse:SelectorStats:finalize
2026-09-05T17:39:40.274Z LH:status Trace Engine parse:UserInteractions:finalize
2026-09-05T17:39:40.275Z LH:status Trace Engine parse:Workers:finalize
2026-09-05T17:39:40.276Z LH:status Trace Engine parse:Warnings:finalize
2026-09-05T17:39:40.278Z LH:status Trace Engine parse:clone
2026-09-05T17:39:40.280Z LH:status Trace Engine insights
2026-09-05T17:39:40.281Z LH:status Trace Engine insights:CLSCulprits
2026-09-05T17:39:40.281Z LH:status Trace Engine insights:Cache
2026-09-05T17:39:40.282Z LH:status Trace Engine insights:DOMSize
2026-09-05T17:39:40.282Z LH:status Trace Engine insights:DocumentLatency
2026-09-05T17:39:40.282Z LH:status Trace Engine insights:DuplicatedJavaScript
2026-09-05T17:39:40.283Z LH:status Trace Engine insights:FontDisplay
2026-09-05T17:39:40.283Z LH:status Trace Engine insights:ForcedReflow
2026-09-05T17:39:40.283Z LH:status Trace Engine insights:INPBreakdown
2026-09-05T17:39:40.283Z LH:status Trace Engine insights:ImageDelivery
2026-09-05T17:39:40.283Z LH:status Trace Engine insights:LCPBreakdown
2026-09-05T17:39:40.284Z LH:status Trace Engine insights:LCPDiscovery
2026-09-05T17:39:40.284Z LH:status Trace Engine insights:LegacyJavaScript
2026-09-05T17:39:40.284Z LH:status Trace Engine insights:ModernHTTP
2026-09-05T17:39:40.284Z LH:status Trace Engine insights:NetworkDependencyTree
2026-09-05T17:39:40.284Z LH:status Trace Engine insights:RenderBlocking
2026-09-05T17:39:40.285Z LH:status Trace Engine insights:SlowCSSSelector
2026-09-05T17:39:40.285Z LH:status Trace Engine insights:ThirdParties
2026-09-05T17:39:40.287Z LH:status Trace Engine insights:Viewport
2026-09-05T17:39:40.287Z LH:status Trace Engine insights:createLanternContext
2026-09-05T17:39:40.320Z LH:status Trace Engine insights:CLSCulprits
2026-09-05T17:39:40.321Z LH:status Trace Engine insights:Cache
2026-09-05T17:39:40.322Z LH:status Trace Engine insights:DOMSize
2026-09-05T17:39:40.322Z LH:status Trace Engine insights:DocumentLatency
2026-09-05T17:39:40.323Z LH:status Trace Engine insights:DuplicatedJavaScript
2026-09-05T17:39:40.323Z LH:status Trace Engine insights:FontDisplay
2026-09-05T17:39:40.323Z LH:status Trace Engine insights:ForcedReflow
2026-09-05T17:39:40.323Z LH:status Trace Engine insights:INPBreakdown
2026-09-05T17:39:40.323Z LH:status Trace Engine insights:ImageDelivery
2026-09-05T17:39:40.325Z LH:status Trace Engine insights:LCPBreakdown
2026-09-05T17:39:40.325Z LH:status Trace Engine insights:LCPDiscovery
2026-09-05T17:39:40.325Z LH:status Trace Engine insights:LegacyJavaScript
2026-09-05T17:39:40.464Z LH:status Trace Engine insights:ModernHTTP
2026-09-05T17:39:40.465Z LH:status Trace Engine insights:NetworkDependencyTree
2026-09-05T17:39:40.468Z LH:status Trace Engine insights:RenderBlocking
2026-09-05T17:39:40.468Z LH:status Trace Engine insights:SlowCSSSelector
2026-09-05T17:39:40.468Z LH:status Trace Engine insights:ThirdParties
2026-09-05T17:39:40.481Z LH:status Trace Engine insights:Viewport
2026-09-05T17:39:40.577Z LH:status Getting artifact: ViewportDimensions
2026-09-05T17:39:40.578Z LH:status Getting artifact: FullPageScreenshot
2026-09-05T17:39:41.781Z LH:status Getting artifact: BFCacheFailures
2026-09-05T17:39:42.114Z LH:status Analyzing and running audits...
2026-09-05T17:39:42.115Z LH:status Auditing: Has a `<meta name="viewport">` tag with `width` or `initial-scale`
2026-09-05T17:39:42.117Z LH:status Auditing: First Contentful Paint
2026-09-05T17:39:42.130Z LH:status Auditing: Largest Contentful Paint
2026-09-05T17:39:42.133Z LH:status Auditing: First Meaningful Paint
2026-09-05T17:39:42.134Z LH:status Auditing: Speed Index
2026-09-05T17:39:42.529Z LH:status Auditing: Screenshot Thumbnails
2026-09-05T17:39:42.530Z LH:status Auditing: Final Screenshot
2026-09-05T17:39:42.531Z LH:status Auditing: Total Blocking Time
2026-09-05T17:39:42.537Z LH:status Auditing: Max Potential First Input Delay
2026-09-05T17:39:42.542Z LH:status Auditing: Cumulative Layout Shift
2026-09-05T17:39:42.543Z LH:status Auditing: Initial server response time was short
2026-09-05T17:39:42.545Z LH:status Auditing: Time to Interactive
2026-09-05T17:39:42.546Z LH:status Auditing: User Timing marks and measures
2026-09-05T17:39:42.551Z LH:status Auditing: Avoid chaining critical requests
2026-09-05T17:39:42.553Z LH:status Auditing: Avoid multiple page redirects
2026-09-05T17:39:42.556Z LH:status Auditing: Minimizes main-thread work
2026-09-05T17:39:42.587Z LH:status Auditing: JavaScript execution time
2026-09-05T17:39:42.602Z LH:status Auditing: Preconnect to required origins
2026-09-05T17:39:42.606Z LH:status Auditing: All text remains visible during webfont loads
2026-09-05T17:39:42.608Z LH:status Auditing: Diagnostics
2026-09-05T17:39:42.609Z LH:status Auditing: Network Requests
2026-09-05T17:39:42.612Z LH:status Auditing: Network Round Trip Times
2026-09-05T17:39:42.613Z LH:status Auditing: Server Backend Latencies
2026-09-05T17:39:42.615Z LH:status Auditing: Tasks
2026-09-05T17:39:42.615Z LH:status Auditing: Metrics
2026-09-05T17:39:42.618Z LH:status Auditing: Resources Summary
2026-09-05T17:39:42.620Z LH:status Auditing: Minimize third-party usage
2026-09-05T17:39:42.630Z LH:status Auditing: Lazy load third-party resources with facades
2026-09-05T17:39:42.636Z LH:status Auditing: Largest Contentful Paint element
2026-09-05T17:39:42.639Z LH:status Auditing: Largest Contentful Paint image was not lazily loaded
2026-09-05T17:39:42.640Z LH:status Auditing: Avoid large layout shifts
2026-09-05T17:39:42.642Z LH:status Auditing: Avoid long main-thread tasks
2026-09-05T17:39:42.647Z LH:status Auditing: Avoid non-composited animations
2026-09-05T17:39:42.648Z LH:status Auditing: Image elements have explicit `width` and `height`
2026-09-05T17:39:42.649Z LH:status Auditing: Preload Largest Contentful Paint image
2026-09-05T17:39:42.650Z LH:status Auditing: Script Treemap Data
2026-09-05T17:39:42.666Z LH:status Auditing: Uses efficient cache policy on static assets
2026-09-05T17:39:42.670Z LH:status Auditing: Avoids enormous network payloads
2026-09-05T17:39:42.671Z LH:status Auditing: Defer offscreen images
2026-09-05T17:39:42.675Z LH:status Auditing: Eliminate render-blocking resources
2026-09-05T17:39:42.678Z LH:status Auditing: Minify CSS
2026-09-05T17:39:42.688Z LH:status Auditing: Minify JavaScript
2026-09-05T17:39:42.713Z LH:status Auditing: Reduce unused CSS
2026-09-05T17:39:42.715Z LH:status Auditing: Reduce unused JavaScript
2026-09-05T17:39:42.718Z LH:status Auditing: Serve images in next-gen formats
2026-09-05T17:39:42.721Z LH:status Auditing: Efficiently encode images
2026-09-05T17:39:42.727Z LH:status Auditing: Enable text compression
2026-09-05T17:39:42.728Z LH:status Auditing: Properly size images
2026-09-05T17:39:42.733Z LH:status Auditing: Use video formats for animated content
2026-09-05T17:39:42.735Z LH:status Auditing: Remove duplicate modules in JavaScript bundles
2026-09-05T17:39:42.737Z LH:status Auditing: Avoid serving legacy JavaScript to modern browsers
2026-09-05T17:39:42.776Z LH:status Auditing: Avoids an excessive DOM size
2026-09-05T17:39:42.779Z LH:status Auditing: Avoids `document.write()`
2026-09-05T17:39:42.780Z LH:status Auditing: Use HTTP/2
2026-09-05T17:39:42.782Z LH:status Auditing: Uses passive listeners to improve scrolling performance
2026-09-05T17:39:42.783Z LH:status Auditing: Page didn't prevent back/forward cache restoration
2026-09-05T17:39:42.784Z LH:status Auditing: Use efficient cache lifetimes
2026-09-05T17:39:42.785Z LH:status Auditing: Layout shift culprits
2026-09-05T17:39:42.787Z LH:status Auditing: Document request latency
2026-09-05T17:39:42.788Z LH:status Auditing: Optimize DOM size
2026-09-05T17:39:42.789Z LH:status Auditing: Duplicated JavaScript
2026-09-05T17:39:42.790Z LH:status Auditing: Font display
2026-09-05T17:39:42.790Z LH:status Auditing: Forced reflow
2026-09-05T17:39:42.791Z LH:status Auditing: Improve image delivery
2026-09-05T17:39:42.793Z LH:status Auditing: INP breakdown
2026-09-05T17:39:42.794Z LH:status Auditing: LCP breakdown
2026-09-05T17:39:42.795Z LH:status Auditing: LCP request discovery
2026-09-05T17:39:42.796Z LH:status Auditing: Legacy JavaScript
2026-09-05T17:39:42.797Z LH:status Auditing: Modern HTTP
2026-09-05T17:39:42.798Z LH:status Auditing: Network dependency tree
2026-09-05T17:39:42.799Z LH:status Auditing: Render blocking requests
2026-09-05T17:39:42.800Z LH:status Auditing: 3rd parties
2026-09-05T17:39:42.813Z LH:status Auditing: Optimize viewport for mobile
2026-09-05T17:39:42.814Z LH:status Generating results...
2026-09-05T17:39:42.841Z LH:pwmetrics-events:error Interactive timestamp not found
2026-09-05T17:39:42.849Z LH:saveAssets devtools log saved to disk: /home/yahiro/Pictures/portfolio/scratch/qa/baseline-mobile-2-0.devtoolslog.json
2026-09-05T17:39:42.885Z LH:saveAssets trace file streamed to disk: /home/yahiro/Pictures/portfolio/scratch/qa/baseline-mobile-2-0.trace.json
2026-09-05T17:39:42.886Z LH:Printer json output written to scratch/qa/baseline-mobile-2.json
2026-09-05T17:39:42.886Z LH:ChromeLauncher Killing Chrome instance 433231
