npm notice run build
npm notice run next build
▲ Next.js 16.3.3 (Turbopack)
✓ Running next.config.ts took 48ms
- Experiments (use with caution):
  · cpus: 1
  · optimizePackageImports

  Skipping validation of types
  Finished TypeScript config validation in 12ms ...
  Creating an optimized production build ...
✓ Compiled successfully in 3.9s
  Collecting page data using 1 worker ...
  Generating static pages using 1 worker (0/3) ...
✓ Generating static pages using 1 worker (3/3) in 703ms
  Finalizing page optimization ...

Route (pages)   Revalidate  Expire
┌ ● / (696 ms)          6h      1y
├   /_app
├ ○ /404
└ ○ /500

○  (Static)  prerendered as static content
●  (SSG)     prerendered as static HTML (uses getStaticProps)

