2026-09-05T17:54:26.809Z LH:ChromeLauncher Waiting for browser.
2026-09-05T17:54:26.809Z LH:ChromeLauncher Waiting for browser...
2026-09-05T17:54:27.315Z LH:ChromeLauncher Waiting for browser.....
2026-09-05T17:54:27.319Z LH:ChromeLauncher Waiting for browser.....[32m✓[0m
2026-09-05T17:54:28.406Z LH:status Connecting to browser
2026-09-05T17:54:28.447Z LH:status Navigating to about:blank
2026-09-05T17:54:28.504Z LH:status Benchmarking machine
2026-09-05T17:54:29.512Z LH:status Host device pixel ratio
2026-09-05T17:54:29.513Z LH:status Preparing target for navigation mode
2026-09-05T17:54:29.538Z LH:status Cleaning origin data
2026-09-05T17:54:29.545Z LH:status Cleaning browser cache
2026-09-05T17:54:29.549Z LH:status Preparing network conditions
2026-09-05T17:54:29.591Z LH:status Navigating to http://127.0.0.1:3100/
2026-09-05T17:54:32.629Z LH:status Getting artifact: DevtoolsLog
2026-09-05T17:54:32.630Z LH:status Getting artifact: Trace
2026-09-05T17:54:32.630Z LH:status Getting artifact: ConsoleMessages
2026-09-05T17:54:32.630Z LH:status Getting artifact: CSSUsage
2026-09-05T17:54:32.832Z LH:status Getting artifact: DOMStats
2026-09-05T17:54:32.841Z LH:status Getting artifact: ImageElements
2026-09-05T17:54:34.816Z LH:status Getting artifact: JsUsage
2026-09-05T17:54:34.816Z LH:status Getting artifact: LinkElements
2026-09-05T17:54:34.823Z LH:status Getting artifact: MetaElements
2026-09-05T17:54:34.830Z LH:status Getting artifact: NetworkUserAgent
2026-09-05T17:54:34.830Z LH:status Getting artifact: OptimizedImages
2026-09-05T17:54:35.452Z LH:status Getting artifact: ResponseCompression
2026-09-05T17:54:35.457Z LH:status Getting artifact: Scripts
2026-09-05T17:54:35.457Z LH:status Getting artifact: SourceMaps
2026-09-05T17:54:35.457Z LH:status Getting artifact: Stacks
2026-09-05T17:54:35.457Z LH:status Collect stacks
2026-09-05T17:54:35.470Z LH:status Getting artifact: Stylesheets
2026-09-05T17:54:35.483Z LH:status Getting artifact: TraceElements
2026-09-05T17:54:35.508Z LH:status Trace Engine total
2026-09-05T17:54:35.508Z LH:status Trace Engine parse
2026-09-05T17:54:35.509Z LH:status Trace Engine parse:handleEvent
2026-09-05T17:54:35.599Z LH:status Trace Engine parse:Meta:finalize
2026-09-05T17:54:35.601Z LH:status Trace Engine parse:AnimationFrames:finalize
2026-09-05T17:54:35.602Z LH:status Trace Engine parse:Animations:finalize
2026-09-05T17:54:35.604Z LH:status Trace Engine parse:Samples:finalize
2026-09-05T17:54:35.606Z LH:status Trace Engine parse:AuctionWorklets:finalize
2026-09-05T17:54:35.607Z LH:status Trace Engine parse:NetworkRequests:finalize
2026-09-05T17:54:35.614Z LH:status Trace Engine parse:Renderer:finalize
2026-09-05T17:54:35.628Z LH:status Trace Engine parse:Flows:finalize
2026-09-05T17:54:35.632Z LH:status Trace Engine parse:AsyncJSCalls:finalize
2026-09-05T17:54:35.633Z LH:status Trace Engine parse:DOMStats:finalize
2026-09-05T17:54:35.635Z LH:status Trace Engine parse:UserTimings:finalize
2026-09-05T17:54:35.636Z LH:status Trace Engine parse:ExtensionTraceData:finalize
2026-09-05T17:54:35.639Z LH:status Trace Engine parse:LayerTree:finalize
2026-09-05T17:54:35.640Z LH:status Trace Engine parse:Frames:finalize
2026-09-05T17:54:35.647Z LH:status Trace Engine parse:GPU:finalize
2026-09-05T17:54:35.649Z LH:status Trace Engine parse:ImagePainting:finalize
2026-09-05T17:54:35.650Z LH:status Trace Engine parse:Initiators:finalize
2026-09-05T17:54:35.651Z LH:status Trace Engine parse:Invalidations:finalize
2026-09-05T17:54:35.652Z LH:status Trace Engine parse:PageLoadMetrics:finalize
2026-09-05T17:54:35.655Z LH:status Trace Engine parse:LargestImagePaint:finalize
2026-09-05T17:54:35.657Z LH:status Trace Engine parse:LargestTextPaint:finalize
2026-09-05T17:54:35.658Z LH:status Trace Engine parse:Screenshots:finalize
2026-09-05T17:54:35.660Z LH:status Trace Engine parse:LayoutShifts:finalize
2026-09-05T17:54:35.663Z LH:status Trace Engine parse:Memory:finalize
2026-09-05T17:54:35.664Z LH:status Trace Engine parse:PageFrames:finalize
2026-09-05T17:54:35.664Z LH:status Trace Engine parse:Scripts:finalize
2026-09-05T17:54:35.666Z LH:status Trace Engine parse:SelectorStats:finalize
2026-09-05T17:54:35.668Z LH:status Trace Engine parse:UserInteractions:finalize
2026-09-05T17:54:35.670Z LH:status Trace Engine parse:Workers:finalize
2026-09-05T17:54:35.671Z LH:status Trace Engine parse:Warnings:finalize
2026-09-05T17:54:35.673Z LH:status Trace Engine parse:clone
2026-09-05T17:54:35.676Z LH:status Trace Engine insights
2026-09-05T17:54:35.676Z LH:status Trace Engine insights:CLSCulprits
2026-09-05T17:54:35.677Z LH:status Trace Engine insights:Cache
2026-09-05T17:54:35.677Z LH:status Trace Engine insights:DOMSize
2026-09-05T17:54:35.678Z LH:status Trace Engine insights:DocumentLatency
2026-09-05T17:54:35.678Z LH:status Trace Engine insights:DuplicatedJavaScript
2026-09-05T17:54:35.679Z LH:status Trace Engine insights:FontDisplay
2026-09-05T17:54:35.679Z LH:status Trace Engine insights:ForcedReflow
2026-09-05T17:54:35.679Z LH:status Trace Engine insights:INPBreakdown
2026-09-05T17:54:35.679Z LH:status Trace Engine insights:ImageDelivery
2026-09-05T17:54:35.679Z LH:status Trace Engine insights:LCPBreakdown
2026-09-05T17:54:35.680Z LH:status Trace Engine insights:LCPDiscovery
2026-09-05T17:54:35.680Z LH:status Trace Engine insights:LegacyJavaScript
2026-09-05T17:54:35.685Z LH:status Trace Engine insights:ModernHTTP
2026-09-05T17:54:35.686Z LH:status Trace Engine insights:NetworkDependencyTree
2026-09-05T17:54:35.687Z LH:status Trace Engine insights:RenderBlocking
2026-09-05T17:54:35.687Z LH:status Trace Engine insights:SlowCSSSelector
2026-09-05T17:54:35.687Z LH:status Trace Engine insights:ThirdParties
2026-09-05T17:54:35.689Z LH:status Trace Engine insights:Viewport
2026-09-05T17:54:35.691Z LH:status Trace Engine insights:createLanternContext
2026-09-05T17:54:35.725Z LH:status Trace Engine insights:CLSCulprits
2026-09-05T17:54:35.726Z LH:status Trace Engine insights:Cache
2026-09-05T17:54:35.727Z LH:status Trace Engine insights:DOMSize
2026-09-05T17:54:35.728Z LH:status Trace Engine insights:DocumentLatency
2026-09-05T17:54:35.728Z LH:status Trace Engine insights:DuplicatedJavaScript
2026-09-05T17:54:35.728Z LH:status Trace Engine insights:FontDisplay
2026-09-05T17:54:35.728Z LH:status Trace Engine insights:ForcedReflow
2026-09-05T17:54:35.729Z LH:status Trace Engine insights:INPBreakdown
2026-09-05T17:54:35.729Z LH:status Trace Engine insights:ImageDelivery
2026-09-05T17:54:35.730Z LH:status Trace Engine insights:LCPBreakdown
2026-09-05T17:54:35.730Z LH:status Trace Engine insights:LCPDiscovery
2026-09-05T17:54:35.730Z LH:status Trace Engine insights:LegacyJavaScript
2026-09-05T17:54:35.832Z LH:status Trace Engine insights:ModernHTTP
2026-09-05T17:54:35.833Z LH:status Trace Engine insights:NetworkDependencyTree
2026-09-05T17:54:35.834Z LH:status Trace Engine insights:RenderBlocking
2026-09-05T17:54:35.834Z LH:status Trace Engine insights:SlowCSSSelector
2026-09-05T17:54:35.834Z LH:status Trace Engine insights:ThirdParties
2026-09-05T17:54:35.841Z LH:status Trace Engine insights:Viewport
2026-09-05T17:54:35.952Z LH:status Getting artifact: ViewportDimensions
2026-09-05T17:54:35.954Z LH:status Getting artifact: FullPageScreenshot
2026-09-05T17:54:37.149Z LH:status Getting artifact: BFCacheFailures
2026-09-05T17:54:37.487Z LH:status Analyzing and running audits...
2026-09-05T17:54:37.490Z LH:status Auditing: Has a `<meta name="viewport">` tag with `width` or `initial-scale`
2026-09-05T17:54:37.492Z LH:status Auditing: First Contentful Paint
2026-09-05T17:54:37.504Z LH:status Auditing: Largest Contentful Paint
2026-09-05T17:54:37.509Z LH:status Auditing: First Meaningful Paint
2026-09-05T17:54:37.510Z LH:status Auditing: Speed Index
2026-09-05T17:54:37.619Z LH:status Auditing: Screenshot Thumbnails
2026-09-05T17:54:37.619Z LH:status Auditing: Final Screenshot
2026-09-05T17:54:37.620Z LH:status Auditing: Total Blocking Time
2026-09-05T17:54:37.624Z LH:status Auditing: Max Potential First Input Delay
2026-09-05T17:54:37.627Z LH:status Auditing: Cumulative Layout Shift
2026-09-05T17:54:37.628Z LH:status Auditing: Initial server response time was short
2026-09-05T17:54:37.630Z LH:status Auditing: Time to Interactive
2026-09-05T17:54:37.631Z LH:status Auditing: User Timing marks and measures
2026-09-05T17:54:37.634Z LH:status Auditing: Avoid chaining critical requests
2026-09-05T17:54:37.636Z LH:status Auditing: Avoid multiple page redirects
2026-09-05T17:54:37.638Z LH:status Auditing: Minimizes main-thread work
2026-09-05T17:54:37.654Z LH:status Auditing: JavaScript execution time
2026-09-05T17:54:37.662Z LH:status Auditing: Preconnect to required origins
2026-09-05T17:54:37.664Z LH:status Auditing: All text remains visible during webfont loads
2026-09-05T17:54:37.665Z LH:status Auditing: Diagnostics
2026-09-05T17:54:37.666Z LH:status Auditing: Network Requests
2026-09-05T17:54:37.668Z LH:status Auditing: Network Round Trip Times
2026-09-05T17:54:37.670Z LH:status Auditing: Server Backend Latencies
2026-09-05T17:54:37.671Z LH:status Auditing: Tasks
2026-09-05T17:54:37.671Z LH:status Auditing: Metrics
2026-09-05T17:54:37.673Z LH:status Auditing: Resources Summary
2026-09-05T17:54:37.675Z LH:status Auditing: Minimize third-party usage
2026-09-05T17:54:37.678Z LH:status Auditing: Lazy load third-party resources with facades
2026-09-05T17:54:37.680Z LH:status Auditing: Largest Contentful Paint element
2026-09-05T17:54:37.682Z LH:status Auditing: Largest Contentful Paint image was not lazily loaded
2026-09-05T17:54:37.683Z LH:status Auditing: Avoid large layout shifts
2026-09-05T17:54:37.684Z LH:status Auditing: Avoid long main-thread tasks
2026-09-05T17:54:37.688Z LH:status Auditing: Avoid non-composited animations
2026-09-05T17:54:37.689Z LH:status Auditing: Image elements have explicit `width` and `height`
2026-09-05T17:54:37.690Z LH:status Auditing: Preload Largest Contentful Paint image
2026-09-05T17:54:37.692Z LH:status Auditing: Script Treemap Data
2026-09-05T17:54:37.707Z LH:status Auditing: Uses efficient cache policy on static assets
2026-09-05T17:54:37.711Z LH:status Auditing: Avoids enormous network payloads
2026-09-05T17:54:37.712Z LH:status Auditing: Defer offscreen images
2026-09-05T17:54:37.715Z LH:status Auditing: Eliminate render-blocking resources
2026-09-05T17:54:37.717Z LH:status Auditing: Minify CSS
2026-09-05T17:54:37.726Z LH:status Auditing: Minify JavaScript
2026-09-05T17:54:37.755Z LH:status Auditing: Reduce unused CSS
2026-09-05T17:54:37.756Z LH:status Auditing: Reduce unused JavaScript
2026-09-05T17:54:37.759Z LH:status Auditing: Serve images in next-gen formats
2026-09-05T17:54:37.762Z LH:status Auditing: Efficiently encode images
2026-09-05T17:54:37.764Z LH:status Auditing: Enable text compression
2026-09-05T17:54:37.765Z LH:status Auditing: Properly size images
2026-09-05T17:54:37.768Z LH:status Auditing: Use video formats for animated content
2026-09-05T17:54:37.769Z LH:status Auditing: Remove duplicate modules in JavaScript bundles
2026-09-05T17:54:37.771Z LH:status Auditing: Avoid serving legacy JavaScript to modern browsers
2026-09-05T17:54:37.814Z LH:status Auditing: Avoids an excessive DOM size
2026-09-05T17:54:37.816Z LH:status Auditing: Avoids `document.write()`
2026-09-05T17:54:37.817Z LH:status Auditing: Use HTTP/2
2026-09-05T17:54:37.819Z LH:status Auditing: Uses passive listeners to improve scrolling performance
2026-09-05T17:54:37.820Z LH:status Auditing: Page didn't prevent back/forward cache restoration
2026-09-05T17:54:37.821Z LH:status Auditing: Use efficient cache lifetimes
2026-09-05T17:54:37.822Z LH:status Auditing: Layout shift culprits
2026-09-05T17:54:37.823Z LH:status Auditing: Document request latency
2026-09-05T17:54:37.824Z LH:status Auditing: Optimize DOM size
2026-09-05T17:54:37.825Z LH:status Auditing: Duplicated JavaScript
2026-09-05T17:54:37.826Z LH:status Auditing: Font display
2026-09-05T17:54:37.827Z LH:status Auditing: Forced reflow
2026-09-05T17:54:37.828Z LH:status Auditing: Improve image delivery
2026-09-05T17:54:37.829Z LH:status Auditing: INP breakdown
2026-09-05T17:54:37.830Z LH:status Auditing: LCP breakdown
2026-09-05T17:54:37.831Z LH:status Auditing: LCP request discovery
2026-09-05T17:54:37.832Z LH:status Auditing: Legacy JavaScript
2026-09-05T17:54:37.833Z LH:status Auditing: Modern HTTP
2026-09-05T17:54:37.834Z LH:status Auditing: Network dependency tree
2026-09-05T17:54:37.835Z LH:status Auditing: Render blocking requests
2026-09-05T17:54:37.836Z LH:status Auditing: 3rd parties
2026-09-05T17:54:37.843Z LH:status Auditing: Optimize viewport for mobile
2026-09-05T17:54:37.844Z LH:status Generating results...
2026-09-05T17:54:37.863Z LH:pwmetrics-events:error Interactive timestamp not found
2026-09-05T17:54:37.867Z LH:saveAssets devtools log saved to disk: /home/yahiro/Pictures/portfolio/scratch/qa/iteration-mobile-0.devtoolslog.json
2026-09-05T17:54:37.883Z LH:saveAssets trace file streamed to disk: /home/yahiro/Pictures/portfolio/scratch/qa/iteration-mobile-0.trace.json
2026-09-05T17:54:37.884Z LH:Printer json output written to scratch/qa/iteration-mobile.json
2026-09-05T17:54:37.884Z LH:ChromeLauncher Killing Chrome instance 448835
