{
  errors: [],
  open: {
    title: 'C Reviewer',
    transforms: [
      'translate3d(0px, -639.56px, 0px)',
      'translate3d(0px, -6280.69px, 0px)'
    ]
  },
  closed: {
    title: undefined,
    transforms: [
      'translate3d(0px, -640px, 0px)',
      'translate3d(0px, -6277.5px, 0px)'
    ],
    opacity: [
      '0.18', '0.18', '0.18', '0.18',
      '0.18', '0.18', '0.18', '0.18',
      '0.18', '0.18', '0.18', '0.78',
      '1',    '0.78', '0.18', '0.18',
      '0.18', '0.18', '0.18', '0.18',
      '0.18', '0.18', '0.18', '0.18'
    ]
  }
}
Bennett Payoyo

2nd year BSCS · PUP

PROFILE 01/03
BANTAYOG
ScholarAid
Bikol Dictionary
TANGLAW
C Reviewer
PROFILE · 01
About
PROFILE · 02
Resume
PROFILE · 03
GitHub
BANTAYOG
ScholarAid
Bikol Dictionary
TANGLAW
C Reviewer
PROFILE · 01
PROFILE · 02
Resume
PROFILE · 03
GitHub
BANTAYOG
ScholarAid
Bikol Dictionary
TANGLAW
C Reviewer
PROFILE · 01
About
PROFILE · 02
Resume
PROFILE · 03
GitHub
Source
Open live site
BANTAYOG

Nutrition Subsidy Platform

FULL-STACK · GOVTECH · 2026
View details
Source
Open live site
ScholarAid

Scholarship Application

LIVE PROJECT · TYPESCRIPT · 2026
View details
Source
Open live site
Bikol Dictionary

Language Learning App

LIVE PROJECT · TYPESCRIPT · 2026
View details
Source
Open live site
TANGLAW

Web Project

LIVE PROJECT · TYPESCRIPT · 2026
View details
Source
Open live site
C Reviewer

Hands-on Practice for C

LIVE PROJECT · TYPESCRIPT · 2026
View details
BENNETT PAYOYO
FULL-STACK SOFTWARE ENGINEERING · BACKEND · DEVELOPER TOOLING
RESUME PREVIEW
Bennett Payoyo

@Yahiro025

I like learning new stuff and using them iteratively.

12 followers·19 following·20 repositories

PINNED
PORTFOLIO
TypeScript
bicol-app

An interactive Bikol Dictionary and Language Learning App

TypeScript
KANBAN
TypeScript
Yahiro025
Source
Open live site
BANTAYOG

Nutrition Subsidy Platform

FULL-STACK · GOVTECH · 2026
View details
Source
Open live site
ScholarAid

Scholarship Application

LIVE PROJECT · TYPESCRIPT · 2026
View details
Source
Open live site
Bikol Dictionary

Language Learning App

LIVE PROJECT · TYPESCRIPT · 2026
View details
Source
Open live site
TANGLAW

Web Project

LIVE PROJECT · TYPESCRIPT · 2026
View details
Source
Open live site
C Reviewer

Hands-on Practice for C

LIVE PROJECT · TYPESCRIPT · 2026
View details
RESUME PREVIEW
Bennett Payoyo

@Yahiro025

I like learning new stuff and using them iteratively.

12 followers·19 following·20 repositories

PINNED
PORTFOLIO
TypeScript
bicol-app

An interactive Bikol Dictionary and Language Learning App

TypeScript
KANBAN
TypeScript
Yahiro025
Source
Open live site
BANTAYOG

Nutrition Subsidy Platform

FULL-STACK · GOVTECH · 2026
View details
Source
Open live site
ScholarAid

Scholarship Application

LIVE PROJECT · TYPESCRIPT · 2026
View details
Source
Open live site
Bikol Dictionary

Language Learning App

LIVE PROJECT · TYPESCRIPT · 2026
View details
Source
Open live site
TANGLAW

Web Project

LIVE PROJECT · TYPESCRIPT · 2026
View details
Source
Open live site
C Reviewer

Hands-on Practice for C

LIVE PROJECT · TYPESCRIPT · 2026
View details
BENNETT PAYOYO
FULL-STACK SOFTWARE ENGINEERING · BACKEND · DEVELOPER TOOLING
RESUME PREVIEW
Bennett Payoyo

@Yahiro025

I like learning new stuff and using them iteratively.

12 followers·19 following·20 repositories

PINNED
PORTFOLIO
TypeScript
bicol-app

An interactive Bikol Dictionary and Language Learning App

TypeScript
KANBAN
TypeScript
Yahiro025
VIEW
Back to projects
About
COMPUTER SCIENCE · PUP

I'm Bennett Payoyo, a second-year Computer Science student at PUP. I build full-stack applications and developer tools, focusing on backend engineering, databases, and software architecture. I learn primarily by building real projects, studying the systems behind them, and using linting, build checks, and end-to-end tests to catch issues before deployment.

FOCUS AREAS
Full-stack Engineering
Backend & APIs
Databases
Architecture & Tooling
Bennett Payoyo

Full-stack Software Engineer

@Yahiro025
Open to work
Contact
BENNETT PAYOYO
FULL-STACK SOFTWARE ENGINEERING · BACKEND · DEVELOPER TOOLING
CURRENTLY
–
Building and shipping full-stack products
–
Strengthening backend, database, testing, and CS fundamentals
–
Seeking software engineering internship opportunities
taps [
  'https://mail.google.com/mail/?view=cm&fs=1&to=bennettpayoyo3.14@gmail.com',
  'https://www.linkedin.com/in/bennett-payoyo/',
  'https://wa.me/639913800307',
  'viber://chat?number=%2B639913800307'
]
{
  errors: [],
  open: {
    title: 'C Reviewer',
    transforms: [
      'translate3d(0px, -639.56px, 0px)',
      'translate3d(0px, -6280.69px, 0px)'
    ]
  },
  closed: {
    title: undefined,
    transforms: [
      'translate3d(0px, -640px, 0px)',
      'translate3d(0px, -6277.5px, 0px)'
    ],
    opacity: [
      '0.18', '0.18', '0.18', '0.18',
      '0.18', '0.18', '0.18', '0.18',
      '0.18', '0.18', '0.18', '0.78',
      '1',    '0.78', '0.18', '0.18',
      '0.18', '0.18', '0.18', '0.18',
      '0.18', '0.18', '0.18', '0.18'
    ]
  },
  contact: {
    taps: [
      'https://mail.google.com/mail/?view=cm&fs=1&to=bennettpayoyo3.14@gmail.com',
      'https://www.linkedin.com/in/bennett-payoyo/',
      'https://wa.me/639913800307',
      'viber://chat?number=%2B639913800307'
    ],
    links: [],
    canvas: [ [Object] ]
  }
}
